// Jest Snapshot v1, https://goo.gl/fbAQLP

exports[`TchapCreateRoomDialog should render the whole component with with the allow access switch: allow access switch is present, allows other domain than AGENT 1`] = `
<div
  className="mx_SettingsFlag"
>
  <span
    className="mx_SettingsFlag_label"
  >
    Allow access to this room to all users, even outside "AGENT" domain
  </span>
  <_default
    checked={false}
    onChange={[Function]}
    title="Allow access to this room to all users, even outside "AGENT" domain"
  >
    <AccessibleTooltipButton
      aria-checked={false}
      aria-disabled={false}
      className="mx_ToggleSwitch mx_ToggleSwitch_enabled"
      onClick={[Function]}
      role="switch"
      title="Allow access to this room to all users, even outside "AGENT" domain"
    >
      <AccessibleButton
        aria-checked={false}
        aria-disabled={false}
        aria-label="Allow access to this room to all users, even outside "AGENT" domain"
        className="mx_ToggleSwitch mx_ToggleSwitch_enabled"
        element="div"
        onBlur={[Function]}
        onClick={[Function]}
        onFocus={[Function]}
        onMouseLeave={[Function]}
        onMouseOver={[Function]}
        role="switch"
        tabIndex={0}
      >
        <div
          aria-checked={false}
          aria-disabled={false}
          aria-label="Allow access to this room to all users, even outside "AGENT" domain"
          className="mx_AccessibleButton mx_ToggleSwitch mx_ToggleSwitch_enabled"
          onBlur={[Function]}
          onClick={[Function]}
          onFocus={[Function]}
          onKeyDown={[Function]}
          onKeyUp={[Function]}
          onMouseLeave={[Function]}
          onMouseOver={[Function]}
          role="switch"
          tabIndex={0}
        >
          <div
            className="mx_ToggleSwitch_ball"
          />
        </div>
      </AccessibleButton>
    </AccessibleTooltipButton>
  </_default>
</div>
`;

exports[`TchapCreateRoomDialog should render the whole component: all the component 1`] = `
<TchapCreateRoomDialog
  onFinished={[MockFunction]}
>
  <BaseDialog
    className="tc_TchapCreateRoomDialog"
    fixedWidth={true}
    hasCancel={true}
    onFinished={[MockFunction]}
    screenName="CreateRoom"
    title="Create a room"
  >
    <PosthogScreenTracker
      screenName="CreateRoom"
    />
    <ForwardRef(FocusLockUICombination)
      className="tc_TchapCreateRoomDialog mx_Dialog_fixedWidth"
      lockProps={
        {
          "aria-describedby": undefined,
          "aria-labelledby": "mx_BaseDialog_title",
          "onKeyDown": [Function],
          "role": "dialog",
        }
      }
      returnFocus={true}
    >
      <ForwardRef(FocusLockUI)
        as="div"
        autoFocus={true}
        className="tc_TchapCreateRoomDialog mx_Dialog_fixedWidth"
        crossFrame={true}
        disabled={false}
        lockProps={
          {
            "aria-describedby": undefined,
            "aria-labelledby": "mx_BaseDialog_title",
            "onKeyDown": [Function],
            "role": "dialog",
          }
        }
        noFocusGuards={false}
        persistentFocus={false}
        returnFocus={true}
        sideCar={[Function]}
      >
        <div
          data-focus-guard={true}
          key="guard-first"
          style={
            {
              "height": "0px",
              "left": "1px",
              "overflow": "hidden",
              "padding": 0,
              "position": "fixed",
              "top": "1px",
              "width": "1px",
            }
          }
          tabIndex={0}
        />
        <SideEffect(FocusWatcher)
          autoFocus={true}
          crossFrame={true}
          disabled={false}
          id={{}}
          observed={
            <div
              aria-labelledby="mx_BaseDialog_title"
              class="tc_TchapCreateRoomDialog mx_Dialog_fixedWidth"
              data-focus-lock-disabled="false"
              role="dialog"
            >
              <div
                class="mx_Dialog_header mx_Dialog_headerWithCancel"
              >
                <h2
                  class="mx_Heading_h2 mx_Dialog_title"
                  id="mx_BaseDialog_title"
                >
                  Create a room
                </h2>
                <div
                  aria-label="Close dialog"
                  class="mx_AccessibleButton mx_Dialog_cancelButton"
                  role="button"
                  tabindex="0"
                />
              </div>
              <form>
                <div
                  class="mx_Dialog_content"
                >
                  <div
                    class="mx_Field mx_Field_input"
                  >
                    <input
                      id="mx_Field_1"
                      label="Name"
                      placeholder="Name"
                      type="text"
                      value=""
                    />
                    <label
                      for="mx_Field_1"
                    >
                      Name
                    </label>
                  </div>
                  <div
                    class="tc_TchapRoomTypeSelector"
                  >
                    <label
                      class="tc_TchapRoomTypeSelector_RadioButton tc_TchapRoomTypeSelector_private tc_TchapRoomTypeSelector_RadioButton_selected"
                    >
                      <label
                        class="mx_StyledRadioButton mx_StyledRadioButton_enabled mx_StyledRadioButton_checked"
                      >
                        <input
                          checked=""
                          name="roomType"
                          type="radio"
                          value="private"
                        />
                        <div>
                          <div />
                        </div>
                        <div
                          class="mx_StyledRadioButton_content"
                        >
                          <div
                            class="tc_TchapRoomTypeSelector_RadioButton_title"
                          >
                            Private room
                          </div>
                          <div>
                            Accessible to all users by invitation from an administrator.
                          </div>
                        </div>
                        <div
                          class="mx_StyledRadioButton_spacer"
                        />
                      </label>
                    </label>
                    <label
                      class="tc_TchapRoomTypeSelector_RadioButton tc_TchapRoomTypeSelector_external"
                    >
                      <label
                        class="mx_StyledRadioButton mx_StyledRadioButton_enabled"
                      >
                        <input
                          name="roomType"
                          type="radio"
                          value="external"
                        />
                        <div>
                          <div />
                        </div>
                        <div
                          class="mx_StyledRadioButton_content"
                        >
                          <div
                            class="tc_TchapRoomTypeSelector_RadioButton_title"
                          >
                            Private room open to external users
                          </div>
                          <div>
                            Accessible to all users and to external guests by invitation of an administrator.
                          </div>
                        </div>
                        <div
                          class="mx_StyledRadioButton_spacer"
                        />
                      </label>
                    </label>
                    <label
                      class="tc_TchapRoomTypeSelector_RadioButton tc_TchapRoomTypeSelector_forum"
                    >
                      <label
                        class="mx_StyledRadioButton mx_StyledRadioButton_enabled"
                      >
                        <input
                          name="roomType"
                          type="radio"
                          value="forum"
                        />
                        <div>
                          <div />
                        </div>
                        <div
                          class="mx_StyledRadioButton_content"
                        >
                          <div
                            class="tc_TchapRoomTypeSelector_RadioButton_title"
                          >
                            Forum room
                          </div>
                          <div>
                            Accessible to all users from the forum directory or from a shared link.
                          </div>
                          <div>
                            <div
                              class="mx_SettingsFlag"
                            >
                              <span
                                class="mx_SettingsFlag_label"
                              >
                                Allow access to this room to all users, even outside "AGENT" domain
                              </span>
                              <div
                                aria-checked="false"
                                aria-disabled="false"
                                aria-label="Allow access to this room to all users, even outside "AGENT" domain"
                                class="mx_AccessibleButton mx_ToggleSwitch mx_ToggleSwitch_enabled"
                                role="switch"
                                tabindex="0"
                              >
                                <div
                                  class="mx_ToggleSwitch_ball"
                                />
                              </div>
                            </div>
                          </div>
                        </div>
                        <div
                          class="mx_StyledRadioButton_spacer"
                        />
                      </label>
                    </label>
                  </div>
                </div>
              </form>
              <div
                class="mx_Dialog_buttons"
              >
                <span
                  class="mx_Dialog_buttons_row"
                >
                  <button
                    data-test-id="dialog-cancel-button"
                    type="button"
                  >
                    Cancel
                  </button>
                  <button
                    class="mx_Dialog_primary"
                    data-test-id="dialog-primary-button"
                    type="button"
                  >
                    Create Room
                  </button>
                </span>
              </div>
            </div>
          }
          onActivation={[Function]}
          onDeactivation={[Function]}
          persistentFocus={false}
          returnFocus={[Function]}
          shards={[]}
          sideCar={
            {
              "assignMedium": [Function],
              "assignSyncMedium": [Function],
              "options": {
                "async": true,
                "ssr": false,
              },
              "read": [Function],
              "useMedium": [Function],
            }
          }
        >
          <FocusWatcher
            autoFocus={true}
            crossFrame={true}
            disabled={false}
            id={{}}
            observed={
              <div
                aria-labelledby="mx_BaseDialog_title"
                class="tc_TchapCreateRoomDialog mx_Dialog_fixedWidth"
                data-focus-lock-disabled="false"
                role="dialog"
              >
                <div
                  class="mx_Dialog_header mx_Dialog_headerWithCancel"
                >
                  <h2
                    class="mx_Heading_h2 mx_Dialog_title"
                    id="mx_BaseDialog_title"
                  >
                    Create a room
                  </h2>
                  <div
                    aria-label="Close dialog"
                    class="mx_AccessibleButton mx_Dialog_cancelButton"
                    role="button"
                    tabindex="0"
                  />
                </div>
                <form>
                  <div
                    class="mx_Dialog_content"
                  >
                    <div
                      class="mx_Field mx_Field_input"
                    >
                      <input
                        id="mx_Field_1"
                        label="Name"
                        placeholder="Name"
                        type="text"
                        value=""
                      />
                      <label
                        for="mx_Field_1"
                      >
                        Name
                      </label>
                    </div>
                    <div
                      class="tc_TchapRoomTypeSelector"
                    >
                      <label
                        class="tc_TchapRoomTypeSelector_RadioButton tc_TchapRoomTypeSelector_private tc_TchapRoomTypeSelector_RadioButton_selected"
                      >
                        <label
                          class="mx_StyledRadioButton mx_StyledRadioButton_enabled mx_StyledRadioButton_checked"
                        >
                          <input
                            checked=""
                            name="roomType"
                            type="radio"
                            value="private"
                          />
                          <div>
                            <div />
                          </div>
                          <div
                            class="mx_StyledRadioButton_content"
                          >
                            <div
                              class="tc_TchapRoomTypeSelector_RadioButton_title"
                            >
                              Private room
                            </div>
                            <div>
                              Accessible to all users by invitation from an administrator.
                            </div>
                          </div>
                          <div
                            class="mx_StyledRadioButton_spacer"
                          />
                        </label>
                      </label>
                      <label
                        class="tc_TchapRoomTypeSelector_RadioButton tc_TchapRoomTypeSelector_external"
                      >
                        <label
                          class="mx_StyledRadioButton mx_StyledRadioButton_enabled"
                        >
                          <input
                            name="roomType"
                            type="radio"
                            value="external"
                          />
                          <div>
                            <div />
                          </div>
                          <div
                            class="mx_StyledRadioButton_content"
                          >
                            <div
                              class="tc_TchapRoomTypeSelector_RadioButton_title"
                            >
                              Private room open to external users
                            </div>
                            <div>
                              Accessible to all users and to external guests by invitation of an administrator.
                            </div>
                          </div>
                          <div
                            class="mx_StyledRadioButton_spacer"
                          />
                        </label>
                      </label>
                      <label
                        class="tc_TchapRoomTypeSelector_RadioButton tc_TchapRoomTypeSelector_forum"
                      >
                        <label
                          class="mx_StyledRadioButton mx_StyledRadioButton_enabled"
                        >
                          <input
                            name="roomType"
                            type="radio"
                            value="forum"
                          />
                          <div>
                            <div />
                          </div>
                          <div
                            class="mx_StyledRadioButton_content"
                          >
                            <div
                              class="tc_TchapRoomTypeSelector_RadioButton_title"
                            >
                              Forum room
                            </div>
                            <div>
                              Accessible to all users from the forum directory or from a shared link.
                            </div>
                            <div>
                              <div
                                class="mx_SettingsFlag"
                              >
                                <span
                                  class="mx_SettingsFlag_label"
                                >
                                  Allow access to this room to all users, even outside "AGENT" domain
                                </span>
                                <div
                                  aria-checked="false"
                                  aria-disabled="false"
                                  aria-label="Allow access to this room to all users, even outside "AGENT" domain"
                                  class="mx_AccessibleButton mx_ToggleSwitch mx_ToggleSwitch_enabled"
                                  role="switch"
                                  tabindex="0"
                                >
                                  <div
                                    class="mx_ToggleSwitch_ball"
                                  />
                                </div>
                              </div>
                            </div>
                          </div>
                          <div
                            class="mx_StyledRadioButton_spacer"
                          />
                        </label>
                      </label>
                    </div>
                  </div>
                </form>
                <div
                  class="mx_Dialog_buttons"
                >
                  <span
                    class="mx_Dialog_buttons_row"
                  >
                    <button
                      data-test-id="dialog-cancel-button"
                      type="button"
                    >
                      Cancel
                    </button>
                    <button
                      class="mx_Dialog_primary"
                      data-test-id="dialog-primary-button"
                      type="button"
                    >
                      Create Room
                    </button>
                  </span>
                </div>
              </div>
            }
            onActivation={[Function]}
            onDeactivation={[Function]}
            persistentFocus={false}
            returnFocus={[Function]}
            shards={[]}
            sideCar={
              {
                "assignMedium": [Function],
                "assignSyncMedium": [Function],
                "options": {
                  "async": true,
                  "ssr": false,
                },
                "read": [Function],
                "useMedium": [Function],
              }
            }
          />
        </SideEffect(FocusWatcher)>
        <div
          aria-labelledby="mx_BaseDialog_title"
          className="tc_TchapCreateRoomDialog mx_Dialog_fixedWidth"
          data-focus-lock-disabled={false}
          onBlur={[Function]}
          onFocus={[Function]}
          onKeyDown={[Function]}
          role="dialog"
        >
          <div
            className="mx_Dialog_header mx_Dialog_headerWithCancel"
          >
            <Heading
              className="mx_Dialog_title"
              id="mx_BaseDialog_title"
              size="h2"
            >
              <h2
                className="mx_Heading_h2 mx_Dialog_title"
                id="mx_BaseDialog_title"
              >
                Create a room
              </h2>
            </Heading>
            <AccessibleButton
              aria-label="Close dialog"
              className="mx_Dialog_cancelButton"
              element="div"
              onClick={[Function]}
              role="button"
              tabIndex={0}
            >
              <div
                aria-label="Close dialog"
                className="mx_AccessibleButton mx_Dialog_cancelButton"
                onClick={[Function]}
                onKeyDown={[Function]}
                onKeyUp={[Function]}
                role="button"
                tabIndex={0}
              />
            </AccessibleButton>
          </div>
          <form
            onKeyDown={[Function]}
            onSubmit={[Function]}
          >
            <div
              className="mx_Dialog_content"
            >
              <Field
                element="input"
                label="Name"
                onChange={[Function]}
                onValidate={[Function]}
                type="text"
                validateOnBlur={true}
                validateOnChange={true}
                validateOnFocus={true}
                value=""
              >
                <div
                  className="mx_Field mx_Field_input"
                >
                  <input
                    id="mx_Field_1"
                    label="Name"
                    onBlur={[Function]}
                    onChange={[Function]}
                    onFocus={[Function]}
                    placeholder="Name"
                    type="text"
                    value=""
                  />
                  <label
                    htmlFor="mx_Field_1"
                  >
                    Name
                  </label>
                </div>
              </Field>
              <TchapRoomTypeSelector
                isFederated={false}
                label="Type of room"
                onChange={[Function]}
                onFederatedChange={[Function]}
                shortDomain="AGENT"
                showFederateSwitch={true}
                value="private"
              >
                <div
                  className="tc_TchapRoomTypeSelector"
                >
                  <label
                    className="tc_TchapRoomTypeSelector_RadioButton tc_TchapRoomTypeSelector_private tc_TchapRoomTypeSelector_RadioButton_selected"
                  >
                    <StyledRadioButton
                      checked={true}
                      childrenInLabel={true}
                      className=""
                      name="roomType"
                      onChange={[Function]}
                      value="private"
                    >
                      <label
                        className="mx_StyledRadioButton mx_StyledRadioButton_enabled mx_StyledRadioButton_checked"
                      >
                        <input
                          checked={true}
                          name="roomType"
                          onChange={[Function]}
                          type="radio"
                          value="private"
                        />
                        <div>
                          <div />
                        </div>
                        <div
                          className="mx_StyledRadioButton_content"
                        >
                          <div
                            className="tc_TchapRoomTypeSelector_RadioButton_title"
                          >
                            Private room
                          </div>
                          <div>
                            Accessible to all users by invitation from an administrator.
                          </div>
                        </div>
                        <div
                          className="mx_StyledRadioButton_spacer"
                        />
                      </label>
                    </StyledRadioButton>
                  </label>
                  <label
                    className="tc_TchapRoomTypeSelector_RadioButton tc_TchapRoomTypeSelector_external"
                  >
                    <StyledRadioButton
                      checked={false}
                      childrenInLabel={true}
                      className=""
                      name="roomType"
                      onChange={[Function]}
                      value="external"
                    >
                      <label
                        className="mx_StyledRadioButton mx_StyledRadioButton_enabled"
                      >
                        <input
                          checked={false}
                          name="roomType"
                          onChange={[Function]}
                          type="radio"
                          value="external"
                        />
                        <div>
                          <div />
                        </div>
                        <div
                          className="mx_StyledRadioButton_content"
                        >
                          <div
                            className="tc_TchapRoomTypeSelector_RadioButton_title"
                          >
                            Private room open to external users
                          </div>
                          <div>
                            Accessible to all users and to external guests by invitation of an administrator.
                          </div>
                        </div>
                        <div
                          className="mx_StyledRadioButton_spacer"
                        />
                      </label>
                    </StyledRadioButton>
                  </label>
                  <label
                    className="tc_TchapRoomTypeSelector_RadioButton tc_TchapRoomTypeSelector_forum"
                  >
                    <StyledRadioButton
                      checked={false}
                      childrenInLabel={true}
                      className=""
                      name="roomType"
                      onChange={[Function]}
                      value="forum"
                    >
                      <label
                        className="mx_StyledRadioButton mx_StyledRadioButton_enabled"
                      >
                        <input
                          checked={false}
                          name="roomType"
                          onChange={[Function]}
                          type="radio"
                          value="forum"
                        />
                        <div>
                          <div />
                        </div>
                        <div
                          className="mx_StyledRadioButton_content"
                        >
                          <div
                            className="tc_TchapRoomTypeSelector_RadioButton_title"
                          >
                            Forum room
                          </div>
                          <div>
                            Accessible to all users from the forum directory or from a shared link.
                          </div>
                          <div>
                            <LabelledToggleSwitch
                              label="Allow access to this room to all users, even outside "AGENT" domain"
                              onChange={[Function]}
                              value={false}
                            >
                              <div
                                className="mx_SettingsFlag"
                              >
                                <span
                                  className="mx_SettingsFlag_label"
                                >
                                  Allow access to this room to all users, even outside "AGENT" domain
                                </span>
                                <_default
                                  checked={false}
                                  onChange={[Function]}
                                  title="Allow access to this room to all users, even outside "AGENT" domain"
                                >
                                  <AccessibleTooltipButton
                                    aria-checked={false}
                                    aria-disabled={false}
                                    className="mx_ToggleSwitch mx_ToggleSwitch_enabled"
                                    onClick={[Function]}
                                    role="switch"
                                    title="Allow access to this room to all users, even outside "AGENT" domain"
                                  >
                                    <AccessibleButton
                                      aria-checked={false}
                                      aria-disabled={false}
                                      aria-label="Allow access to this room to all users, even outside "AGENT" domain"
                                      className="mx_ToggleSwitch mx_ToggleSwitch_enabled"
                                      element="div"
                                      onBlur={[Function]}
                                      onClick={[Function]}
                                      onFocus={[Function]}
                                      onMouseLeave={[Function]}
                                      onMouseOver={[Function]}
                                      role="switch"
                                      tabIndex={0}
                                    >
                                      <div
                                        aria-checked={false}
                                        aria-disabled={false}
                                        aria-label="Allow access to this room to all users, even outside "AGENT" domain"
                                        className="mx_AccessibleButton mx_ToggleSwitch mx_ToggleSwitch_enabled"
                                        onBlur={[Function]}
                                        onClick={[Function]}
                                        onFocus={[Function]}
                                        onKeyDown={[Function]}
                                        onKeyUp={[Function]}
                                        onMouseLeave={[Function]}
                                        onMouseOver={[Function]}
                                        role="switch"
                                        tabIndex={0}
                                      >
                                        <div
                                          className="mx_ToggleSwitch_ball"
                                        />
                                      </div>
                                    </AccessibleButton>
                                  </AccessibleTooltipButton>
                                </_default>
                              </div>
                            </LabelledToggleSwitch>
                          </div>
                        </div>
                        <div
                          className="mx_StyledRadioButton_spacer"
                        />
                      </label>
                    </StyledRadioButton>
                  </label>
                </div>
              </TchapRoomTypeSelector>
            </div>
          </form>
          <DialogButtons
            disabled={false}
            hasCancel={true}
            onCancel={[Function]}
            onPrimaryButtonClick={[Function]}
            primaryButton="Create Room"
          >
            <div
              className="mx_Dialog_buttons"
            >
              <span
                className="mx_Dialog_buttons_row"
              >
                <button
                  data-test-id="dialog-cancel-button"
                  disabled={false}
                  onClick={[Function]}
                  type="button"
                >
                  Cancel
                </button>
                <button
                  className="mx_Dialog_primary"
                  data-test-id="dialog-primary-button"
                  onClick={[Function]}
                  type="button"
                >
                  Create Room
                </button>
              </span>
            </div>
          </DialogButtons>
        </div>
        <div
          data-focus-guard={true}
          style={
            {
              "height": "0px",
              "left": "1px",
              "overflow": "hidden",
              "padding": 0,
              "position": "fixed",
              "top": "1px",
              "width": "1px",
            }
          }
          tabIndex={0}
        />
      </ForwardRef(FocusLockUI)>
    </ForwardRef(FocusLockUICombination)>
  </BaseDialog>
</TchapCreateRoomDialog>
`;
